[softivuspro.com/bankhub-html/index.html]
[softivuspro.com/bankhub-html/assets/images/favicon.ico]
[softivuspro.com/bankhub-html/assets/css/nice-select2.css]
[unpkg.com/js-datepicker@5.18.4/dist/datepicker.min.css]
[softivuspro.com/bankhub-html/assets/css/line-awesome/css/line-awesome.min.css]
[cdnjs.cloudflare.com/ajax/libs/tippy.js/2.5.4/tippy.css]
[backblue.gif]
[fade.gif]
[index.html]
[unpkg.com/tippy.js@6.3.7/animations/scale.css]
[softivuspro.com/bankhub-html/assets/js/app.js]
[softivuspro.com/bankhub-html/assets/css/style.css]
[softivuspro.com/bankhub-html/assets/images/logo-with-text.png]
[softivuspro.com/bankhub-html/assets/images/user-3.png]
[softivuspro.com/bankhub-html/assets/images/user-4.png]
[softivuspro.com/bankhub-html/assets/images/user-5.png]
[softivuspro.com/bankhub-html/assets/images/user-7.png]
[softivuspro.com/bankhub-html/chat.html]
[softivuspro.com/bankhub-html/assets/images/user-big-4.png]
[softivuspro.com/bankhub-html/profile.html]
[softivuspro.com/bankhub-html/help-center.html]
[softivuspro.com/bankhub-html/security.html]
[softivuspro.com/bankhub-html/sign-in.html]
[softivuspro.com/bankhub-html/assets/images/logo.png]
[softivuspro.com/bankhub-html/assets/images/logo-text.png]
[softivuspro.com/bankhub-html/dashboard-02.html]
[softivuspro.com/bankhub-html/dashboard-03.html]
[softivuspro.com/bankhub-html/dashboard-04.html]
[softivuspro.com/bankhub-html/dashboard-05.html]
[softivuspro.com/bankhub-html/bank-account.html]
[softivuspro.com/bankhub-html/account-overview.html]
[softivuspro.com/bankhub-html/account-details.html]
[softivuspro.com/bankhub-html/deposit-details.html]
[softivuspro.com/bankhub-html/card-overview.html]
[softivuspro.com/bankhub-html/card-details.html]
[softivuspro.com/bankhub-html/transaction-01.html]
[softivuspro.com/bankhub-html/transaction-02.html]
[softivuspro.com/bankhub-html/transaction-03.html]
[softivuspro.com/bankhub-html/payment-overview.html]
[softivuspro.com/bankhub-html/providers.html]
[softivuspro.com/bankhub-html/exchange.html]
[softivuspro.com/bankhub-html/make-payment.html]
[softivuspro.com/bankhub-html/add-contact.html]
[softivuspro.com/bankhub-html/transfer-overview.html]
[softivuspro.com/bankhub-html/make-transfer.html]
[softivuspro.com/bankhub-html/add-new.html]
[softivuspro.com/bankhub-html/invoice-01.html]
[softivuspro.com/bankhub-html/invoice-02.html]
[softivuspro.com/bankhub-html/trading-01.html]
[softivuspro.com/bankhub-html/trading-02.html]
[softivuspro.com/bankhub-html/trading-03.html]
[softivuspro.com/bankhub-html/reports-01.html]
[softivuspro.com/bankhub-html/reports-02.html]
[softivuspro.com/bankhub-html/social-network.html]
[softivuspro.com/bankhub-html/notification.html]
[softivuspro.com/bankhub-html/payment-limits.html]
[softivuspro.com/bankhub-html/sign-up.html]
[softivuspro.com/bankhub-html/signin-qrcode.html]
[softivuspro.com/bankhub-html/404.html]
[softivuspro.com/bankhub-html/privacy-policy.html]
[softivuspro.com/bankhub-html/contact-us.html]
[softivuspro.com/bankhub-html/loans.html]
[softivuspro.com/bankhub-html/budgets.html]
[softivuspro.com/bankhub-html/investments.html]
[softivuspro.com/bankhub-html/crypto-wallet.html]
[softivuspro.com/bankhub-html/savings-goals.html]
[softivuspro.com/bankhub-html/components.html]
[softivuspro.com/bankhub-html/getting-started.html]
[softivuspro.com/bankhub-html/configuration.html]
[softivuspro.com/bankhub-html/dark-mode.html]
[softivuspro.com/bankhub-html/assets/images/upgrade.png]
[softivuspro.com/bankhub-html/assets/images/paypal.png]
[softivuspro.com/bankhub-html/assets/images/payoneer.png]
[softivuspro.com/bankhub-html/assets/images/card-sm-1.png]
[softivuspro.com/bankhub-html/assets/images/card-sm-2.png]
[softivuspro.com/bankhub-html/assets/images/card-sm-3.png]
[softivuspro.com/bankhub-html/assets/images/card-sm-8.png]
[softivuspro.com/bankhub-html/assets/images/card-sm-5.png]
[softivuspro.com/bankhub-html/assets/images/card-sm-6.png]
[softivuspro.com/bankhub-html/assets/images/card-sm-7.png]
[softivuspro.com/bankhub-html/assets/images/placeholder.png]
[unpkg.com/@popperjs/core@2.11.8/dist/umd/popper.min.js]
[unpkg.com/tippy.js@6.3.7/dist/tippy-bundle.umd.js]
[softivuspro.com/bankhub-html/assets/js/libs/nice-select2.js]
[softivuspro.com/bankhub-html/assets/js/charts.js]
[softivuspro.com/bankhub-html/index.html]
[softivuspro.com/bankhub-html/assets/css/nice-select2.css]
[unpkg.com/js-datepicker@5.18.4/dist/datepicker.min.css]
[softivuspro.com/bankhub-html/assets/js/main.js]
[softivuspro.com/bankhub-html/assets/css/line-awesome/fonts/la-brands-400.woff2]
[softivuspro.com/bankhub-html/assets/css/line-awesome/fonts/la-solid-900.woff2]
[softivuspro.com/bankhub-html/assets/css/line-awesome/css/line-awesome.min.css]
[cdnjs.cloudflare.com/ajax/libs/tippy.js/2.5.4/tippy.css]
[unpkg.com/tippy.js@6.3.7/animations/scale.css]
[softivuspro.com/bankhub-html/assets/js/app.js]
[softivuspro.com/bankhub-html/assets/css/style.css]
[softivuspro.com/bankhub-html/chat.html]
[cdn.jsdelivr.net/npm/quill@1.3.6/dist/quill.snow.css]
[softivuspro.com/bankhub-html/profile.html]
[cdnjs.cloudflare.com/ajax/libs/quill/2.0.0-rc.0/quill.min.js]
[softivuspro.com/bankhub-html/help-center.html]
[softivuspro.com/bankhub-html/security.html]
[softivuspro.com/bankhub-html/sign-in.html]
[cdn.jsdelivr.net/npm/swiper@11/swiper-bundle.min.css]
[softivuspro.com/bankhub-html/assets/images/my-wallet-1.png]
[softivuspro.com/bankhub-html/dashboard-02.html]
[cdn.jsdelivr.net/npm/swiper@11/swiper-bundle.min.js]
[cdn.jsdelivr.net/npm/jsvectormap/dist/css/jsvectormap.min.css]
[softivuspro.com/bankhub-html/dashboard-03.html]
[softivuspro.com/bankhub-html/dashboard-04.html]
[cdn.jsdelivr.net/npm/jsvectormap/dist/maps/world.js]
[softivuspro.com/bankhub-html/assets/images/firefox.png]
[softivuspro.com/bankhub-html/assets/images/edge.png]
[softivuspro.com/bankhub-html/assets/images/opera.png]
[softivuspro.com/bankhub-html/dashboard-05.html]
[softivuspro.com/bankhub-html/bank-account.html]
[softivuspro.com/bankhub-html/account-overview.html]
[softivuspro.com/bankhub-html/account-details.html]
[softivuspro.com/bankhub-html/deposit-details.html]
[softivuspro.com/bankhub-html/card-overview.html]
[softivuspro.com/bankhub-html/card-details.html]
[softivuspro.com/bankhub-html/transaction-01.html]
[softivuspro.com/bankhub-html/transaction-02.html]
[softivuspro.com/bankhub-html/transaction-03.html]
[softivuspro.com/bankhub-html/payment-overview.html]
[softivuspro.com/bankhub-html/providers.html]
[softivuspro.com/bankhub-html/exchange.html]
[softivuspro.com/bankhub-html/make-payment.html]
[softivuspro.com/bankhub-html/add-contact.html]
[softivuspro.com/bankhub-html/transfer-overview.html]
[softivuspro.com/bankhub-html/make-transfer.html]
[softivuspro.com/bankhub-html/add-new.html]
[softivuspro.com/bankhub-html/invoice-01.html]
[softivuspro.com/bankhub-html/invoice-02.html]
[softivuspro.com/bankhub-html/trading-01.html]
[softivuspro.com/bankhub-html/trading-02.html]
[softivuspro.com/bankhub-html/trading-03.html]
[softivuspro.com/bankhub-html/reports-01.html]
[softivuspro.com/bankhub-html/reports-02.html]
[softivuspro.com/bankhub-html/social-network.html]
[softivuspro.com/bankhub-html/notification.html]
[softivuspro.com/bankhub-html/payment-limits.html]
[softivuspro.com/bankhub-html/sign-up.html]
[softivuspro.com/bankhub-html/signin-qrcode.html]
[softivuspro.com/bankhub-html/404.html]
[softivuspro.com/bankhub-html/privacy-policy.html]
[softivuspro.com/bankhub-html/contact-us.html]
[softivuspro.com/bankhub-html/loans.html]
[softivuspro.com/bankhub-html/budgets.html]
[softivuspro.com/bankhub-html/investments.html]
[softivuspro.com/bankhub-html/crypto-wallet.html]
[softivuspro.com/bankhub-html/savings-goals.html]
[cdnjs.cloudflare.com/ajax/libs/highlight.js/11.10.0/styles/github-dark.min.css]
[cdn.jsdelivr.net/npm/notyf@3/notyf.min.css]
[cdn.jsdelivr.net/npm/notyf@3/notyf.min.js]
[softivuspro.com/bankhub-html/components.html]
[softivuspro.com/bankhub-html/getting-started.html]
[softivuspro.com/bankhub-html/configuration.html]
[softivuspro.com/bankhub-html/dark-mode.html]
[softivuspro.com/bankhub-html/color.html]
[softivuspro.com/bankhub-html/styling.html]
[softivuspro.com/bankhub-html/plugins.html]
[softivuspro.com/bankhub-html/layout.html]
[softivuspro.com/bankhub-html/webpack.html]
[softivuspro.com/bankhub-html/changelog.html]
[softivuspro.com/bankhub-html/assets/images/visa.html]
[softivuspro.com/bankhub-html/assets/images/card-sm-4.html]
[softivuspro.com/bankhub-html/assets/js/libs/nice-select2.js]
[softivuspro.com/bankhub-html/assets/js/libs/apexcharts.min.html]
[softivuspro.com/bankhub-html/assets/js/charts.js]
[cdnjs.cloudflare.com/ajax/libs/highlight.js/11.9.0/highlight.min.js]
[softivuspro.com/bankhub-html/assets/js/main.js]
[softivuspro.com/bankhub-html/assets/css/line-awesome/fonts/la-brands-400.html]
[softivuspro.com/bankhub-html/assets/css/line-awesome/fonts/la-brands-400d41d.html]
[softivuspro.com/bankhub-html/assets/css/line-awesome/fonts/la-brands-401.html]
[softivuspro.com/bankhub-html/assets/css/line-awesome/fonts/la-brands-402.html]
[softivuspro.com/bankhub-html/assets/css/line-awesome/fonts/la-brands-403.html]
[softivuspro.com/bankhub-html/assets/css/line-awesome/fonts/la-regular-400.html]
[softivuspro.com/bankhub-html/assets/css/line-awesome/fonts/la-regular-400d41d.html]
[softivuspro.com/bankhub-html/assets/css/line-awesome/fonts/la-regular-401.html]
[softivuspro.com/bankhub-html/assets/css/line-awesome/fonts/la-regular-402.html]
[softivuspro.com/bankhub-html/assets/css/line-awesome/fonts/la-regular-403.html]
[softivuspro.com/bankhub-html/assets/css/line-awesome/fonts/la-regular-404.html]
[softivuspro.com/bankhub-html/assets/css/line-awesome/fonts/la-solid-900.html]
[softivuspro.com/bankhub-html/assets/css/line-awesome/fonts/la-solid-900d41d.html]
[softivuspro.com/bankhub-html/assets/css/line-awesome/fonts/la-solid-901.html]
[softivuspro.com/bankhub-html/assets/css/line-awesome/fonts/la-solid-902.html]
[softivuspro.com/bankhub-html/assets/css/line-awesome/fonts/la-solid-903.html]
[softivuspro.com/bankhub-html/);.html]
[softivuspro.com/bankhub-html/src/css/tailwind.html]
[softivuspro.com/bankhub-html/{__webpack_require__.html]
[softivuspro.com/bankhub-html/src/assets/js/app.html]
[softivuspro.com/bankhub-html/assets/images/user.html]
[softivuspro.com/bankhub-html/assets/images/user-1.html]
[softivuspro.com/bankhub-html/assets/images/user-2.html]
[softivuspro.com/bankhub-html/assets/images/user-10.html]
[cdn.jsdelivr.net/npm/quill@1.3.6/dist/quill.snow.css]
[softivuspro.com/bankhub-html/assets/images/help-center.html]
[softivuspro.com/bankhub-html/assets/images/ellipse1.html]
[softivuspro.com/bankhub-html/assets/images/ellipse2.html]
[softivuspro.com/bankhub-html/assets/images/auth.html]
[cdn.jsdelivr.net/npm/swiper@11/swiper-bundle.min.css]
[softivuspro.com/bankhub-html/assets/images/my-wallet-2.html]
[softivuspro.com/bankhub-html/assets/images/my-wallet-3.html]
[cdn.jsdelivr.net/npm/jsvectormap/dist/css/jsvectormap.min.css]
[softivuspro.com/bankhub-html/assets/images/chrome.html]
[softivuspro.com/bankhub-html/assets/images/usa-sm.html]
[softivuspro.com/bankhub-html/assets/images/cn-sm.html]
[softivuspro.com/bankhub-html/assets/images/euro-sm.html]
[softivuspro.com/bankhub-html/assets/images/jp-sm.html]
[softivuspro.com/bankhub-html/assets/images/uk-sm.html]
[softivuspro.com/bankhub-html/assets/images/visa-sm.html]
[softivuspro.com/bankhub-html/assets/images/mastercard.html]
[softivuspro.com/bankhub-html/assets/images/paypal-big.html]
[softivuspro.com/bankhub-html/assets/images/rs-sm.html]
[softivuspro.com/bankhub-html/assets/images/qrcode.html]
[softivuspro.com/bankhub-html/assets/images/system-error.html]
[cdnjs.cloudflare.com/ajax/libs/highlight.js/11.10.0/styles/github-dark.min.css]
[cdn.jsdelivr.net/npm/notyf@3/notyf.min.css]
[softivuspro.com/bankhub-html/assets/css/hint.min.html]
[softivuspro.com/bankhub-html/assets/images/avatar-1.html]
[softivuspro.com/bankhub-html/assets/images/avatar-2.html]
[softivuspro.com/bankhub-html/assets/images/avatar-3.html]
[softivuspro.com/bankhub-html/assets/images/logo-with-text-dark.html]
[softivuspro.com/bankhub-html/assets/images/logo-dark.html]
[softivuspro.com/bankhub-html/assets/images/logo-text-dark.html]
[softivuspro.com/bankhub-html/assets/images/qrcode-dark.html]
